// Vitest Snapshot v1, https://vitest.dev/guide/snapshot.html

exports[`plugin > should fully qualify the 'module exports' specifiers 1`] = `
"export { level } from '.';
export { levelIndex } from './';
export { oneBackLevel } from '..';
export { oneBackLevelIndex } from '../';
export { twoBackLevel } from '../..';
export { twoBackLevelIndex } from '../../';
export { somethingBack } from '../lib/something';
export { somethingBackTest } from '../lib/something.test';
export { something } from './lib/something';
export { somethingTest } from './lib/something.test';
export { something as another } from './lib/something';
export { somethingTest as anotherTest } from './lib/something.test';
export * as anotherModule from './lib/something';
export * as anotherModuleTest from './lib/something.test';
export * from './lib/something';
export * from './lib/something.test';"
`;

exports[`plugin > should fully qualify the 'module imports' specifiers 1`] = `
"import { level } from '.';
import { levelIndex } from './';
import { oneBackLevel } from '..';
import { oneBackLevelIndex } from '../';
import { twoBackLevel } from '../..';
import { twoBackLevelIndex } from '../../';
import { somethingBack } from '../lib/something';
import { somethingBackTest } from '../lib/something.test';
import { export1, export2 as alias2 } from './lib/something';
import { export1Test, export2 as alias2Test } from './lib/something.test';
import { something } from './lib/something';
import { somethingTest } from './lib/something.test';
import { something as other } from './lib/something';
import { something as otherTest } from './lib/something.test';
import anotherImport from './lib/something';
import anotherImportTest from './lib/something.test';
import another, { otherImport } from './lib/something';
import anotherTest, { otherImportTest } from './lib/something.test';
import * as Something from './lib/something';
import * as SomethingTest from './lib/something.test';"
`;

exports[`plugin > should skip 'bare module specifiers' 1`] = `
"import babel from "@babel/core/index.js";
import { transform } from "@babel/core/index.js";
export * from "@babel/core/index.js";
export { transform } from "@babel/core/index.js";"
`;

exports[`plugin > should skip 'style module imports' 1`] = `
"import stylesWithMultipleExtensions from './styles.module.scss';
import styles from './styles.scss';"
`;

exports[`plugin > should skip 'type-only exports' 1`] = `
"export type { NamedType } from './lib/something';
export type { NamedTypeTest } from './lib/something.test';"
`;

exports[`plugin > should skip 'type-only imports' 1`] = `
"import type DefaultType from './lib/something';
import type DefaultTypeTest from './lib/something.test';
import type { NamedType } from './lib/something';
import type { NamedTypeTest } from './lib/something.test';
import type * as AllTypes from './lib/something';
import type * as AllTypesTest from './lib/something.test';"
`;
